==== 同步运行开始 2026-07-17 09:27:13 ====
📅 当前同步时间配置：0 0 * * *
📥 正在下载：https://github.com/SagerNet/sing-box/releases/download/v1.13.14/sing-box-1.13.14-linux-amd64.tar.gz
📁 新文件：filer/sing-box-1.13.14-linux-amd64.tar.gz
📥 正在下载：https://16441.kstore.space/jjoo.json
✅ 无变化：filer/jjoo.json
📥 正在下载：https://suoha.psai.eu.org/suoha.sh
✅ 无变化：filer/suoha.sh
📥 正在下载：https://raw.githubusercontent.com/fscarmen/sing-box/main/sing-box.sh
✅ 无变化：filer/sing-box.sh
==== 同步运行结束 ====
==== 同步运行开始 2026-07-18 09:18:51 ====
📅 当前同步时间配置：0 0 * * *
📥 正在下载：https://github.com/SagerNet/sing-box/releases/download/v1.13.14/sing-box-1.13.14-linux-amd64.tar.gz
✅ 无变化：filer/sing-box-1.13.14-linux-amd64.tar.gz
📥 正在下载：https://16441.kstore.space/jjoo.json
✅ 无变化：filer/jjoo.json
📥 正在下载：https://suoha.psai.eu.org/suoha.sh
✅ 无变化：filer/suoha.sh
📥 正在下载：https://raw.githubusercontent.com/fscarmen/sing-box/main/sing-box.sh
✅ 无变化：filer/sing-box.sh
==== 同步运行结束 ====
==== 同步运行开始 2026-07-19 09:24:51 ====
📅 当前同步时间配置：0 0 * * *
📥 正在下载：https://github.com/SagerNet/sing-box/releases/download/v1.13.14/sing-box-1.13.14-linux-amd64.tar.gz
✅ 无变化：filer/sing-box-1.13.14-linux-amd64.tar.gz
📥 正在下载：https://16441.kstore.space/jjoo.json
✅ 无变化：filer/jjoo.json
📥 正在下载：https://suoha.psai.eu.org/suoha.sh
✅ 无变化：filer/suoha.sh
📥 正在下载：https://raw.githubusercontent.com/fscarmen/sing-box/main/sing-box.sh
✅ 无变化：filer/sing-box.sh
==== 同步运行结束 ====
==== 同步运行开始 2026-07-20 09:50:48 ====
📅 当前同步时间配置：0 0 * * *
📥 正在下载：https://github.com/SagerNet/sing-box/releases/download/v1.13.14/sing-box-1.13.14-linux-amd64.tar.gz
✅ 无变化：filer/sing-box-1.13.14-linux-amd64.tar.gz
📥 正在下载：https://16441.kstore.space/jjoo.json
✅ 无变化：filer/jjoo.json
📥 正在下载：https://suoha.psai.eu.org/suoha.sh
✅ 无变化：filer/suoha.sh
📥 正在下载：https://raw.githubusercontent.com/fscarmen/sing-box/main/sing-box.sh
✅ 无变化：filer/sing-box.sh
==== 同步运行结束 ====
==== 同步运行开始 2026-07-21 09:24:41 ====
📅 当前同步时间配置：0 0 * * *
📥 正在下载：https://github.com/SagerNet/sing-box/releases/download/v1.13.14/sing-box-1.13.14-linux-amd64.tar.gz
✅ 无变化：filer/sing-box-1.13.14-linux-amd64.tar.gz
📥 正在下载：https://16441.kstore.space/jjoo.json
✅ 无变化：filer/jjoo.json
📥 正在下载：https://suoha.psai.eu.org/suoha.sh
✅ 无变化：filer/suoha.sh
📥 正在下载：https://raw.githubusercontent.com/fscarmen/sing-box/main/sing-box.sh
🔄 文件更新：filer/sing-box.sh
==== 同步运行结束 ====
==== 同步运行开始 2026-07-22 09:23:05 ====
📅 当前同步时间配置：0 0 * * *
📥 正在下载：https://github.com/SagerNet/sing-box/releases/download/v1.13.14/sing-box-1.13.14-linux-amd64.tar.gz
✅ 无变化：filer/sing-box-1.13.14-linux-amd64.tar.gz
📥 正在下载：https://16441.kstore.space/jjoo.json
✅ 无变化：filer/jjoo.json
📥 正在下载：https://suoha.psai.eu.org/suoha.sh
✅ 无变化：filer/suoha.sh
📥 正在下载：https://raw.githubusercontent.com/fscarmen/sing-box/main/sing-box.sh
🔄 文件更新：filer/sing-box.sh
==== 同步运行结束 ====
==== 同步运行开始 2026-07-23 09:43:06 ====
📅 当前同步时间配置：0 0 * * *
📥 正在下载：https://github.com/SagerNet/sing-box/releases/download/v1.13.14/sing-box-1.13.14-linux-amd64.tar.gz
✅ 无变化：filer/sing-box-1.13.14-linux-amd64.tar.gz
📥 正在下载：https://16441.kstore.space/jjoo.json
✅ 无变化：filer/jjoo.json
📥 正在下载：https://suoha.psai.eu.org/suoha.sh
✅ 无变化：filer/suoha.sh
📥 正在下载：https://raw.githubusercontent.com/fscarmen/sing-box/main/sing-box.sh
✅ 无变化：filer/sing-box.sh
==== 同步运行结束 ====
==== 同步运行开始 2026-07-24 09:27:22 ====
📅 当前同步时间配置：0 0 * * *
📥 正在下载：https://github.com/SagerNet/sing-box/releases/download/v1.13.14/sing-box-1.13.14-linux-amd64.tar.gz
✅ 无变化：filer/sing-box-1.13.14-linux-amd64.tar.gz
📥 正在下载：https://16441.kstore.space/jjoo.json
✅ 无变化：filer/jjoo.json
📥 正在下载：https://suoha.psai.eu.org/suoha.sh
✅ 无变化：filer/suoha.sh
📥 正在下载：https://raw.githubusercontent.com/fscarmen/sing-box/main/sing-box.sh
✅ 无变化：filer/sing-box.sh
==== 同步运行结束 ====
==== 同步运行开始 2026-07-26 09:30:21 ====
📅 当前同步时间配置：0 0 * * *
📥 正在下载：https://github.com/SagerNet/sing-box/releases/download/v1.13.14/sing-box-1.13.14-linux-amd64.tar.gz
✅ 无变化：filer/sing-box-1.13.14-linux-amd64.tar.gz
📥 正在下载：https://16441.kstore.space/jjoo.json
✅ 无变化：filer/jjoo.json
📥 正在下载：https://suoha.psai.eu.org/suoha.sh
✅ 无变化：filer/suoha.sh
📥 正在下载：https://raw.githubusercontent.com/fscarmen/sing-box/main/sing-box.sh
🔄 文件更新：filer/sing-box.sh
==== 同步运行结束 ====
==== 同步运行开始 2026-07-27 09:48:25 ====
📅 当前同步时间配置：0 0 * * *
📥 正在下载：https://github.com/SagerNet/sing-box/releases/download/v1.13.14/sing-box-1.13.14-linux-amd64.tar.gz
✅ 无变化：filer/sing-box-1.13.14-linux-amd64.tar.gz
📥 正在下载：https://16441.kstore.space/jjoo.json
✅ 无变化：filer/jjoo.json
📥 正在下载：https://suoha.psai.eu.org/suoha.sh
✅ 无变化：filer/suoha.sh
📥 正在下载：https://raw.githubusercontent.com/fscarmen/sing-box/main/sing-box.sh
✅ 无变化：filer/sing-box.sh
==== 同步运行结束 ====
==== 同步运行开始 2026-07-28 09:22:31 ====
📅 当前同步时间配置：0 0 * * *
📥 正在下载：https://github.com/SagerNet/sing-box/releases/download/v1.13.14/sing-box-1.13.14-linux-amd64.tar.gz
✅ 无变化：filer/sing-box-1.13.14-linux-amd64.tar.gz
📥 正在下载：https://16441.kstore.space/jjoo.json
✅ 无变化：filer/jjoo.json
📥 正在下载：https://suoha.psai.eu.org/suoha.sh
✅ 无变化：filer/suoha.sh
📥 正在下载：https://raw.githubusercontent.com/fscarmen/sing-box/main/sing-box.sh
✅ 无变化：filer/sing-box.sh
==== 同步运行结束 ====
==== 同步运行开始 2026-07-29 09:23:18 ====
📅 当前同步时间配置：0 0 * * *
📥 正在下载：https://github.com/SagerNet/sing-box/releases/download/v1.13.14/sing-box-1.13.14-linux-amd64.tar.gz
✅ 无变化：filer/sing-box-1.13.14-linux-amd64.tar.gz
📥 正在下载：https://16441.kstore.space/jjoo.json
✅ 无变化：filer/jjoo.json
📥 正在下载：https://suoha.psai.eu.org/suoha.sh
✅ 无变化：filer/suoha.sh
📥 正在下载：https://raw.githubusercontent.com/fscarmen/sing-box/main/sing-box.sh
🔄 文件更新：filer/sing-box.sh
==== 同步运行结束 ====
==== 同步运行开始 2026-07-30 09:16:32 ====
📅 当前同步时间配置：0 0 * * *
📥 正在下载：https://github.com/SagerNet/sing-box/releases/download/v1.13.14/sing-box-1.13.14-linux-amd64.tar.gz
✅ 无变化：filer/sing-box-1.13.14-linux-amd64.tar.gz
📥 正在下载：https://16441.kstore.space/jjoo.json
✅ 无变化：filer/jjoo.json
📥 正在下载：https://suoha.psai.eu.org/suoha.sh
✅ 无变化：filer/suoha.sh
📥 正在下载：https://raw.githubusercontent.com/fscarmen/sing-box/main/sing-box.sh
✅ 无变化：filer/sing-box.sh
==== 同步运行结束 ====
==== 同步运行开始 2026-07-31 09:43:31 ====
📅 当前同步时间配置：0 0 * * *
📥 正在下载：https://github.com/SagerNet/sing-box/releases/download/v1.13.14/sing-box-1.13.14-linux-amd64.tar.gz
✅ 无变化：filer/sing-box-1.13.14-linux-amd64.tar.gz
📥 正在下载：https://16441.kstore.space/jjoo.json
✅ 无变化：filer/jjoo.json
📥 正在下载：https://suoha.psai.eu.org/suoha.sh
✅ 无变化：filer/suoha.sh
📥 正在下载：https://raw.githubusercontent.com/fscarmen/sing-box/main/sing-box.sh
✅ 无变化：filer/sing-box.sh
==== 同步运行结束 ====
==== 同步运行开始 2026-08-01 09:44:29 ====
📅 当前同步时间配置：0 0 * * *
📥 正在下载：https://github.com/SagerNet/sing-box/releases/download/v1.13.14/sing-box-1.13.14-linux-amd64.tar.gz
✅ 无变化：filer/sing-box-1.13.14-linux-amd64.tar.gz
📥 正在下载：https://16441.kstore.space/jjoo.json
✅ 无变化：filer/jjoo.json
📥 正在下载：https://suoha.psai.eu.org/suoha.sh
✅ 无变化：filer/suoha.sh
📥 正在下载：https://raw.githubusercontent.com/fscarmen/sing-box/main/sing-box.sh
🔄 文件更新：filer/sing-box.sh
==== 同步运行结束 ====
==== 同步运行开始 2026-08-02 09:29:46 ====
📅 当前同步时间配置：0 0 * * *
📥 正在下载：https://github.com/SagerNet/sing-box/releases/download/v1.13.14/sing-box-1.13.14-linux-amd64.tar.gz
✅ 无变化：filer/sing-box-1.13.14-linux-amd64.tar.gz
📥 正在下载：https://16441.kstore.space/jjoo.json
✅ 无变化：filer/jjoo.json
📥 正在下载：https://suoha.psai.eu.org/suoha.sh
✅ 无变化：filer/suoha.sh
📥 正在下载：https://raw.githubusercontent.com/fscarmen/sing-box/main/sing-box.sh
✅ 无变化：filer/sing-box.sh
==== 同步运行结束 ====
==== 同步运行开始 2026-08-03 09:30:08 ====
📅 当前同步时间配置：0 0 * * *
📥 正在下载：https://github.com/SagerNet/sing-box/releases/download/v1.13.14/sing-box-1.13.14-linux-amd64.tar.gz
✅ 无变化：filer/sing-box-1.13.14-linux-amd64.tar.gz
📥 正在下载：https://16441.kstore.space/jjoo.json
✅ 无变化：filer/jjoo.json
📥 正在下载：https://suoha.psai.eu.org/suoha.sh
✅ 无变化：filer/suoha.sh
📥 正在下载：https://raw.githubusercontent.com/fscarmen/sing-box/main/sing-box.sh
🔄 文件更新：filer/sing-box.sh
==== 同步运行结束 ====
==== 同步运行开始 2026-08-04 09:19:37 ====
📅 当前同步时间配置：0 0 * * *
📥 正在下载：https://github.com/SagerNet/sing-box/releases/download/v1.13.14/sing-box-1.13.14-linux-amd64.tar.gz
✅ 无变化：filer/sing-box-1.13.14-linux-amd64.tar.gz
📥 正在下载：https://16441.kstore.space/jjoo.json
✅ 无变化：filer/jjoo.json
📥 正在下载：https://suoha.psai.eu.org/suoha.sh
✅ 无变化：filer/suoha.sh
📥 正在下载：https://raw.githubusercontent.com/fscarmen/sing-box/main/sing-box.sh
✅ 无变化：filer/sing-box.sh
==== 同步运行结束 ====
==== 同步运行开始 2026-08-05 09:24:26 ====
📅 当前同步时间配置：0 0 * * *
📥 正在下载：https://github.com/SagerNet/sing-box/releases/download/v1.13.14/sing-box-1.13.14-linux-amd64.tar.gz
✅ 无变化：filer/sing-box-1.13.14-linux-amd64.tar.gz
📥 正在下载：https://16441.kstore.space/jjoo.json
✅ 无变化：filer/jjoo.json
📥 正在下载：https://suoha.psai.eu.org/suoha.sh
✅ 无变化：filer/suoha.sh
📥 正在下载：https://raw.githubusercontent.com/fscarmen/sing-box/main/sing-box.sh
🔄 文件更新：filer/sing-box.sh
📥 正在下载：https://gitlab.com/fscarmen/warp/-/raw/main/menu.sh
📁 新文件：filer/menu.sh
==== 同步运行结束 ====
==== 同步运行开始 2026-08-06 09:21:51 ====
📅 当前同步时间配置：0 0 * * *
📥 正在下载：https://github.com/SagerNet/sing-box/releases/download/v1.13.14/sing-box-1.13.14-linux-amd64.tar.gz
✅ 无变化：filer/sing-box-1.13.14-linux-amd64.tar.gz
📥 正在下载：https://16441.kstore.space/jjoo.json
✅ 无变化：filer/jjoo.json
📥 正在下载：https://suoha.psai.eu.org/suoha.sh
✅ 无变化：filer/suoha.sh
📥 正在下载：https://raw.githubusercontent.com/fscarmen/sing-box/main/sing-box.sh
✅ 无变化：filer/sing-box.sh
📥 正在下载：https://gitlab.com/fscarmen/warp/-/raw/main/menu.sh
✅ 无变化：filer/menu.sh
==== 同步运行结束 ====
==== 同步运行开始 2026-08-07 10:01:05 ====
📅 当前同步时间配置：0 0 * * *
📥 正在下载：https://github.com/SagerNet/sing-box/releases/download/v1.13.14/sing-box-1.13.14-linux-amd64.tar.gz
✅ 无变化：filer/sing-box-1.13.14-linux-amd64.tar.gz
📥 正在下载：https://16441.kstore.space/jjoo.json
✅ 无变化：filer/jjoo.json
📥 正在下载：https://suoha.psai.eu.org/suoha.sh
✅ 无变化：filer/suoha.sh
📥 正在下载：https://raw.githubusercontent.com/fscarmen/sing-box/main/sing-box.sh
✅ 无变化：filer/sing-box.sh
📥 正在下载：https://gitlab.com/fscarmen/warp/-/raw/main/menu.sh
✅ 无变化：filer/menu.sh
==== 同步运行结束 ====
==== 同步运行开始 2026-08-08 08:44:42 ====
📅 当前同步时间配置：0 0 * * *
📥 正在下载：https://github.com/SagerNet/sing-box/releases/download/v1.13.14/sing-box-1.13.14-linux-amd64.tar.gz
✅ 无变化：filer/sing-box-1.13.14-linux-amd64.tar.gz
📥 正在下载：https://16441.kstore.space/jjoo.json
✅ 无变化：filer/jjoo.json
📥 正在下载：https://suoha.psai.eu.org/suoha.sh
✅ 无变化：filer/suoha.sh
📥 正在下载：https://raw.githubusercontent.com/fscarmen/sing-box/main/sing-box.sh
🔄 文件更新：filer/sing-box.sh
📥 正在下载：https://gitlab.com/fscarmen/warp/-/raw/main/menu.sh
✅ 无变化：filer/menu.sh
==== 同步运行结束 ====
==== 同步运行开始 2026-08-09 08:48:16 ====
📅 当前同步时间配置：0 0 * * *
📥 正在下载：https://github.com/SagerNet/sing-box/releases/download/v1.13.14/sing-box-1.13.14-linux-amd64.tar.gz
✅ 无变化：filer/sing-box-1.13.14-linux-amd64.tar.gz
📥 正在下载：https://16441.kstore.space/jjoo.json
✅ 无变化：filer/jjoo.json
📥 正在下载：https://suoha.psai.eu.org/suoha.sh
✅ 无变化：filer/suoha.sh
📥 正在下载：https://raw.githubusercontent.com/fscarmen/sing-box/main/sing-box.sh
✅ 无变化：filer/sing-box.sh
📥 正在下载：https://gitlab.com/fscarmen/warp/-/raw/main/menu.sh
🔄 文件更新：filer/menu.sh
==== 同步运行结束 ====
==== 同步运行开始 2026-08-10 08:50:50 ====
📅 当前同步时间配置：0 0 * * *
📥 正在下载：https://github.com/SagerNet/sing-box/releases/download/v1.13.14/sing-box-1.13.14-linux-amd64.tar.gz
✅ 无变化：filer/sing-box-1.13.14-linux-amd64.tar.gz
📥 正在下载：https://16441.kstore.space/jjoo.json
✅ 无变化：filer/jjoo.json
📥 正在下载：https://suoha.psai.eu.org/suoha.sh
✅ 无变化：filer/suoha.sh
📥 正在下载：https://raw.githubusercontent.com/fscarmen/sing-box/main/sing-box.sh
✅ 无变化：filer/sing-box.sh
📥 正在下载：https://gitlab.com/fscarmen/warp/-/raw/main/menu.sh
🔄 文件更新：filer/menu.sh
==== 同步运行结束 ====
==== 同步运行开始 2026-08-11 08:50:10 ====
📅 当前同步时间配置：0 0 * * *
📥 正在下载：https://github.com/SagerNet/sing-box/releases/download/v1.13.14/sing-box-1.13.14-linux-amd64.tar.gz
✅ 无变化：filer/sing-box-1.13.14-linux-amd64.tar.gz
📥 正在下载：https://16441.kstore.space/jjoo.json
✅ 无变化：filer/jjoo.json
📥 正在下载：https://suoha.psai.eu.org/suoha.sh
✅ 无变化：filer/suoha.sh
📥 正在下载：https://raw.githubusercontent.com/fscarmen/sing-box/main/sing-box.sh
✅ 无变化：filer/sing-box.sh
📥 正在下载：https://gitlab.com/fscarmen/warp/-/raw/main/menu.sh
🔄 文件更新：filer/menu.sh
==== 同步运行结束 ====
==== 同步运行开始 2026-08-12 08:56:40 ====
📅 当前同步时间配置：0 0 * * *
📥 正在下载：https://github.com/SagerNet/sing-box/releases/download/v1.13.14/sing-box-1.13.14-linux-amd64.tar.gz
✅ 无变化：filer/sing-box-1.13.14-linux-amd64.tar.gz
📥 正在下载：https://16441.kstore.space/jjoo.json
✅ 无变化：filer/jjoo.json
📥 正在下载：https://suoha.psai.eu.org/suoha.sh
✅ 无变化：filer/suoha.sh
📥 正在下载：https://raw.githubusercontent.com/fscarmen/sing-box/main/sing-box.sh
🔄 文件更新：filer/sing-box.sh
📥 正在下载：https://gitlab.com/fscarmen/warp/-/raw/main/menu.sh
✅ 无变化：filer/menu.sh
==== 同步运行结束 ====
==== 同步运行开始 2026-08-13 08:58:00 ====
📅 当前同步时间配置：0 0 * * *
📥 正在下载：https://github.com/SagerNet/sing-box/releases/download/v1.13.14/sing-box-1.13.14-linux-amd64.tar.gz
✅ 无变化：filer/sing-box-1.13.14-linux-amd64.tar.gz
📥 正在下载：https://16441.kstore.space/jjoo.json
🔄 文件更新：filer/jjoo.json
📥 正在下载：https://suoha.psai.eu.org/suoha.sh
✅ 无变化：filer/suoha.sh
📥 正在下载：https://raw.githubusercontent.com/fscarmen/sing-box/main/sing-box.sh
✅ 无变化：filer/sing-box.sh
📥 正在下载：https://gitlab.com/fscarmen/warp/-/raw/main/menu.sh
✅ 无变化：filer/menu.sh
📥 正在下载：https://raw.githubusercontent.com/eooce/Sing-box/main/sing-box.sh
📁 新文件：filer/sing-box1.sh.sh
📥 正在下载：https://raw.githubusercontent.com/eooce/ssh_tool/main/ssh_tool.sh
📁 新文件：filer/ssh_tool.sh
==== 同步运行结束 ====
==== 同步运行开始 2026-08-14 08:57:11 ====
📅 当前同步时间配置：0 0 * * *
📥 正在下载：https://github.com/SagerNet/sing-box/releases/download/v1.13.14/sing-box-1.13.14-linux-amd64.tar.gz
✅ 无变化：filer/sing-box-1.13.14-linux-amd64.tar.gz
📥 正在下载：https://16441.kstore.space/jjoo.json
✅ 无变化：filer/jjoo.json
📥 正在下载：https://suoha.psai.eu.org/suoha.sh
✅ 无变化：filer/suoha.sh
📥 正在下载：https://raw.githubusercontent.com/fscarmen/sing-box/main/sing-box.sh
🔄 文件更新：filer/sing-box.sh
📥 正在下载：https://gitlab.com/fscarmen/warp/-/raw/main/menu.sh
✅ 无变化：filer/menu.sh
📥 正在下载：https://raw.githubusercontent.com/eooce/Sing-box/main/sing-box.sh
✅ 无变化：filer/sing-box1.sh.sh
📥 正在下载：https://raw.githubusercontent.com/eooce/ssh_tool/main/ssh_tool.sh
✅ 无变化：filer/ssh_tool.sh
==== 同步运行结束 ====
==== 同步运行开始 2026-08-15 08:33:23 ====
📅 当前同步时间配置：0 0 * * *
📥 正在下载：https://github.com/SagerNet/sing-box/releases/download/v1.13.14/sing-box-1.13.14-linux-amd64.tar.gz
✅ 无变化：filer/sing-box-1.13.14-linux-amd64.tar.gz
📥 正在下载：https://16441.kstore.space/jjoo.json
✅ 无变化：filer/jjoo.json
📥 正在下载：https://suoha.psai.eu.org/suoha.sh
✅ 无变化：filer/suoha.sh
📥 正在下载：https://raw.githubusercontent.com/fscarmen/sing-box/main/sing-box.sh
🔄 文件更新：filer/sing-box.sh
📥 正在下载：https://gitlab.com/fscarmen/warp/-/raw/main/menu.sh
✅ 无变化：filer/menu.sh
📥 正在下载：https://raw.githubusercontent.com/eooce/Sing-box/main/sing-box.sh
✅ 无变化：filer/sing-box1.sh.sh
📥 正在下载：https://raw.githubusercontent.com/eooce/ssh_tool/main/ssh_tool.sh
✅ 无变化：filer/ssh_tool.sh
==== 同步运行结束 ====
